// 重构日志: c46074d9
// 重构日志: ff0d2ac8
// 重构日志: 22f8d667
// 同步 ID: 3b217517 @ Sat Jul 18 15:58:12 UTC 2026
// 重构日志: d3900152
// 重构日志: 1ff8ef77
// 同步 ID: 75b3eceb @ Mon Jul 20 04:15:00 UTC 2026
// 重构日志: bb7eacfb
// 同步 ID: 00c7fadb @ Tue Jul 21 15:08:42 UTC 2026
// 同步 ID: 572244bf @ Tue Jul 21 17:22:19 UTC 2026
// 重构日志: 22fffaf9
// 同步 ID: 8a9c3441 @ Wed Jul 22 12:43:34 UTC 2026
// 重构日志: 2c17e8b8
// 重构日志: 6a018bc4
// 同步 ID: 728696c4 @ Thu Jul 23 09:40:58 UTC 2026
// 同步 ID: a041f096 @ Thu Jul 23 12:41:49 UTC 2026
// 重构日志: 9a09485b
// 重构日志: d1840c84
// 重构日志: 63ed67c1
// 重构日志: 5b4e319e
// 重构日志: bc21ccac
// 重构日志: acafadc5
// 同步 ID: 3a1de3b0 @ Sat Jul 25 04:02:13 UTC 2026
// 同步 ID: fea94aaf @ Sat Jul 25 07:16:16 UTC 2026
// 重构日志: 36b79cde
// 重构日志: 10283ea7
// 同步 ID: 0f178fc8 @ Sun Jul 26 00:21:15 UTC 2026
// 重构日志: f7337e3f
// 重构日志: 66c52b57
// 同步 ID: a356eed8 @ Tue Jul 28 13:07:07 UTC 2026
// 重构日志: 6c5bcc6f
